Archive member included to satisfy reference by file (symbol)

d:/programy_x86/atmel/studio/7.0/toolchain/avr8/avr8-gnu-toolchain/bin/../lib/gcc/avr/4.9.2/../../../../avr/lib/avr51\libm.a(addsf3.o)
                              HAL/AVR/Timer.o (__subsf3)
d:/programy_x86/atmel/studio/7.0/toolchain/avr8/avr8-gnu-toolchain/bin/../lib/gcc/avr/4.9.2/../../../../avr/lib/avr51\libm.a(addsf3x.o)
                              d:/programy_x86/atmel/studio/7.0/toolchain/avr8/avr8-gnu-toolchain/bin/../lib/gcc/avr/4.9.2/../../../../avr/lib/avr51\libm.a(addsf3.o) (__addsf3x)
d:/programy_x86/atmel/studio/7.0/toolchain/avr8/avr8-gnu-toolchain/bin/../lib/gcc/avr/4.9.2/../../../../avr/lib/avr51\libm.a(divsf3.o)
                              HAL/AVR/Timer.o (__divsf3)
d:/programy_x86/atmel/studio/7.0/toolchain/avr8/avr8-gnu-toolchain/bin/../lib/gcc/avr/4.9.2/../../../../avr/lib/avr51\libm.a(divsf3x.o)
                              d:/programy_x86/atmel/studio/7.0/toolchain/avr8/avr8-gnu-toolchain/bin/../lib/gcc/avr/4.9.2/../../../../avr/lib/avr51\libm.a(divsf3.o) (__divsf3x)
d:/programy_x86/atmel/studio/7.0/toolchain/avr8/avr8-gnu-toolchain/bin/../lib/gcc/avr/4.9.2/../../../../avr/lib/avr51\libm.a(fixunssfsi.o)
                              Devices/ADC128S102.o (__fixunssfsi)
d:/programy_x86/atmel/studio/7.0/toolchain/avr8/avr8-gnu-toolchain/bin/../lib/gcc/avr/4.9.2/../../../../avr/lib/avr51\libm.a(floatsisf.o)
                              Devices/ADC128S102.o (__floatunsisf)
d:/programy_x86/atmel/studio/7.0/toolchain/avr8/avr8-gnu-toolchain/bin/../lib/gcc/avr/4.9.2/../../../../avr/lib/avr51\libm.a(fp_inf.o)
                              d:/programy_x86/atmel/studio/7.0/toolchain/avr8/avr8-gnu-toolchain/bin/../lib/gcc/avr/4.9.2/../../../../avr/lib/avr51\libm.a(addsf3x.o) (__fp_inf)
d:/programy_x86/atmel/studio/7.0/toolchain/avr8/avr8-gnu-toolchain/bin/../lib/gcc/avr/4.9.2/../../../../avr/lib/avr51\libm.a(fp_nan.o)
                              d:/programy_x86/atmel/studio/7.0/toolchain/avr8/avr8-gnu-toolchain/bin/../lib/gcc/avr/4.9.2/../../../../avr/lib/avr51\libm.a(addsf3x.o) (__fp_nan)
d:/programy_x86/atmel/studio/7.0/toolchain/avr8/avr8-gnu-toolchain/bin/../lib/gcc/avr/4.9.2/../../../../avr/lib/avr51\libm.a(fp_pscA.o)
                              d:/programy_x86/atmel/studio/7.0/toolchain/avr8/avr8-gnu-toolchain/bin/../lib/gcc/avr/4.9.2/../../../../avr/lib/avr51\libm.a(addsf3x.o) (__fp_pscA)
d:/programy_x86/atmel/studio/7.0/toolchain/avr8/avr8-gnu-toolchain/bin/../lib/gcc/avr/4.9.2/../../../../avr/lib/avr51\libm.a(fp_pscB.o)
                              d:/programy_x86/atmel/studio/7.0/toolchain/avr8/avr8-gnu-toolchain/bin/../lib/gcc/avr/4.9.2/../../../../avr/lib/avr51\libm.a(addsf3x.o) (__fp_pscB)
d:/programy_x86/atmel/studio/7.0/toolchain/avr8/avr8-gnu-toolchain/bin/../lib/gcc/avr/4.9.2/../../../../avr/lib/avr51\libm.a(fp_round.o)
                              d:/programy_x86/atmel/studio/7.0/toolchain/avr8/avr8-gnu-toolchain/bin/../lib/gcc/avr/4.9.2/../../../../avr/lib/avr51\libm.a(addsf3.o) (__fp_round)
d:/programy_x86/atmel/studio/7.0/toolchain/avr8/avr8-gnu-toolchain/bin/../lib/gcc/avr/4.9.2/../../../../avr/lib/avr51\libm.a(fp_split3.o)
                              d:/programy_x86/atmel/studio/7.0/toolchain/avr8/avr8-gnu-toolchain/bin/../lib/gcc/avr/4.9.2/../../../../avr/lib/avr51\libm.a(addsf3x.o) (__fp_split3)
d:/programy_x86/atmel/studio/7.0/toolchain/avr8/avr8-gnu-toolchain/bin/../lib/gcc/avr/4.9.2/../../../../avr/lib/avr51\libm.a(fp_zero.o)
                              d:/programy_x86/atmel/studio/7.0/toolchain/avr8/avr8-gnu-toolchain/bin/../lib/gcc/avr/4.9.2/../../../../avr/lib/avr51\libm.a(addsf3x.o) (__fp_zero)
d:/programy_x86/atmel/studio/7.0/toolchain/avr8/avr8-gnu-toolchain/bin/../lib/gcc/avr/4.9.2/../../../../avr/lib/avr51\libm.a(mulsf3.o)
                              HAL/AVR/Timer.o (__mulsf3)
d:/programy_x86/atmel/studio/7.0/toolchain/avr8/avr8-gnu-toolchain/bin/../lib/gcc/avr/4.9.2/../../../../avr/lib/avr51\libm.a(mulsf3x.o)
                              d:/programy_x86/atmel/studio/7.0/toolchain/avr8/avr8-gnu-toolchain/bin/../lib/gcc/avr/4.9.2/../../../../avr/lib/avr51\libm.a(mulsf3.o) (__mulsf3x)
d:/programy_x86/atmel/studio/7.0/toolchain/avr8/avr8-gnu-toolchain/bin/../lib/gcc/avr/4.9.2/../../../../avr/lib/avr51\libm.a(round.o)
                              Devices/ADC128S102.o (round)
d:/programy_x86/atmel/studio/7.0/toolchain/avr8/avr8-gnu-toolchain/bin/../lib/gcc/avr/4.9.2/../../../../avr/lib/avr51\libm.a(fp_mintl.o)
                              d:/programy_x86/atmel/studio/7.0/toolchain/avr8/avr8-gnu-toolchain/bin/../lib/gcc/avr/4.9.2/../../../../avr/lib/avr51\libm.a(round.o) (__fp_mintl)
d:/programy_x86/atmel/studio/7.0/toolchain/avr8/avr8-gnu-toolchain/bin/../lib/gcc/avr/4.9.2/../../../../avr/lib/avr51\libm.a(fp_mpack.o)
                              d:/programy_x86/atmel/studio/7.0/toolchain/avr8/avr8-gnu-toolchain/bin/../lib/gcc/avr/4.9.2/../../../../avr/lib/avr51\libm.a(round.o) (__fp_mpack)
d:/programy_x86/atmel/studio/7.0/toolchain/avr8/avr8-gnu-toolchain/bin/../lib/gcc/avr/4.9.2/../../../../avr/lib/avr51\libprintf_flt.a(vfprintf_flt.o)
                              (vfprintf)
d:/programy_x86/atmel/studio/7.0/toolchain/avr8/avr8-gnu-toolchain/bin/../lib/gcc/avr/4.9.2/avr51\libgcc.a(_exit.o)
                              D:/Programy_x86/Atmel/Studio/7.0/Packs/atmel/ATmega_DFP/1.0.90/gcc/dev/atmega1280/avr51/crtatmega1280.o (exit)
d:/programy_x86/atmel/studio/7.0/toolchain/avr8/avr8-gnu-toolchain/bin/../lib/gcc/avr/4.9.2/avr51\libgcc.a(_copy_data.o)
                              App/src/app.o (__do_copy_data)
d:/programy_x86/atmel/studio/7.0/toolchain/avr8/avr8-gnu-toolchain/bin/../lib/gcc/avr/4.9.2/avr51\libgcc.a(_clear_bss.o)
                              App/src/app.o (__do_clear_bss)
d:/programy_x86/atmel/studio/7.0/toolchain/avr8/avr8-gnu-toolchain/bin/../lib/gcc/avr/4.9.2/avr51\libgcc.a(_ctors.o)
                              App/src/app.o (__do_global_ctors)
d:/programy_x86/atmel/studio/7.0/toolchain/avr8/avr8-gnu-toolchain/bin/../lib/gcc/avr/4.9.2/avr51\libgcc.a(_tablejump2.o)
                              d:/programy_x86/atmel/studio/7.0/toolchain/avr8/avr8-gnu-toolchain/bin/../lib/gcc/avr/4.9.2/avr51\libgcc.a(_ctors.o) (__tablejump2__)
d:/programy_x86/atmel/studio/7.0/toolchain/avr8/avr8-gnu-toolchain/bin/../lib/gcc/avr/4.9.2/../../../../avr/lib/avr51\libc.a(ftoa_engine.o)
                              d:/programy_x86/atmel/studio/7.0/toolchain/avr8/avr8-gnu-toolchain/bin/../lib/gcc/avr/4.9.2/../../../../avr/lib/avr51\libprintf_flt.a(vfprintf_flt.o) (__ftoa_engine)
d:/programy_x86/atmel/studio/7.0/toolchain/avr8/avr8-gnu-toolchain/bin/../lib/gcc/avr/4.9.2/../../../../avr/lib/avr51\libc.a(strnlen_P.o)
                              d:/programy_x86/atmel/studio/7.0/toolchain/avr8/avr8-gnu-toolchain/bin/../lib/gcc/avr/4.9.2/../../../../avr/lib/avr51\libprintf_flt.a(vfprintf_flt.o) (strnlen_P)
d:/programy_x86/atmel/studio/7.0/toolchain/avr8/avr8-gnu-toolchain/bin/../lib/gcc/avr/4.9.2/../../../../avr/lib/avr51\libc.a(strnlen.o)
                              d:/programy_x86/atmel/studio/7.0/toolchain/avr8/avr8-gnu-toolchain/bin/../lib/gcc/avr/4.9.2/../../../../avr/lib/avr51\libprintf_flt.a(vfprintf_flt.o) (strnlen)
d:/programy_x86/atmel/studio/7.0/toolchain/avr8/avr8-gnu-toolchain/bin/../lib/gcc/avr/4.9.2/../../../../avr/lib/avr51\libc.a(fputc.o)
                              d:/programy_x86/atmel/studio/7.0/toolchain/avr8/avr8-gnu-toolchain/bin/../lib/gcc/avr/4.9.2/../../../../avr/lib/avr51\libprintf_flt.a(vfprintf_flt.o) (fputc)
d:/programy_x86/atmel/studio/7.0/toolchain/avr8/avr8-gnu-toolchain/bin/../lib/gcc/avr/4.9.2/../../../../avr/lib/avr51\libc.a(vsnprintf.o)
                              App/src/app.o (vsnprintf)
d:/programy_x86/atmel/studio/7.0/toolchain/avr8/avr8-gnu-toolchain/bin/../lib/gcc/avr/4.9.2/../../../../avr/lib/avr51\libc.a(ultoa_invert.o)
                              d:/programy_x86/atmel/studio/7.0/toolchain/avr8/avr8-gnu-toolchain/bin/../lib/gcc/avr/4.9.2/../../../../avr/lib/avr51\libprintf_flt.a(vfprintf_flt.o) (__ultoa_invert)

Discarded input sections

 .data          0x00000000        0x0 D:/Programy_x86/Atmel/Studio/7.0/Packs/atmel/ATmega_DFP/1.0.90/gcc/dev/atmega1280/avr51/crtatmega1280.o
 .bss           0x00000000        0x0 D:/Programy_x86/Atmel/Studio/7.0/Packs/atmel/ATmega_DFP/1.0.90/gcc/dev/atmega1280/avr51/crtatmega1280.o
 .text          0x00000000        0x0 App/src/Communication/Buffer.o
 .data          0x00000000        0x0 App/src/Communication/Buffer.o
 .bss           0x00000000        0x0 App/src/Communication/Buffer.o
 .text._ZN8Buffer_t7setByteEhh
                0x00000000        0xa App/src/Communication/Buffer.o
 .text._ZN8Buffer_t7getByteEh
                0x00000000        0xa App/src/Communication/Buffer.o
 .text          0x00000000        0x0 App/src/Communication/CheckSum_Fletcher16.o
 .data          0x00000000        0x0 App/src/Communication/CheckSum_Fletcher16.o
 .bss           0x00000000        0x0 App/src/Communication/CheckSum_Fletcher16.o
 .debug_line    0x00000000        0x0 App/src/Communication/CheckSum_Fletcher16.o
 .debug_str     0x00000000      0x14a App/src/Communication/CheckSum_Fletcher16.o
 .comment       0x00000000       0x31 App/src/Communication/CheckSum_Fletcher16.o
 .group         0x00000000        0x8 App/src/app.o
 .text          0x00000000        0x0 App/src/app.o
 .data          0x00000000        0x0 App/src/app.o
 .bss           0x00000000        0x0 App/src/app.o
 .bss.dac_values
                0x00000000        0x2 App/src/app.o
 .group         0x00000000        0x8 App/src/Communication/Frame.o
 .text          0x00000000        0x0 App/src/Communication/Frame.o
 .data          0x00000000        0x0 App/src/Communication/Frame.o
 .bss           0x00000000        0x0 App/src/Communication/Frame.o
 .text._ZN8SerialX_ILi0EE6printfEPKcz
                0x00000000       0x56 App/src/Communication/Frame.o
 .text          0x00000000        0x0 App/src/Communication/String.o
 .data          0x00000000        0x0 App/src/Communication/String.o
 .bss           0x00000000        0x0 App/src/Communication/String.o
 .text          0x00000000        0x0 App/src/Dac.o
 .data          0x00000000        0x0 App/src/Dac.o
 .bss           0x00000000        0x0 App/src/Dac.o
 .text._ZN5Dac_t5powerEhh
                0x00000000       0x32 App/src/Dac.o
 .text._ZN5Dac_t6setDACEv
                0x00000000       0x98 App/src/Dac.o
 .text._ZN5Dac_t12setDACzeroesEv
                0x00000000       0x20 App/src/Dac.o
 .text._ZN5Dac_t13setDacChannelEh
                0x00000000       0x76 App/src/Dac.o
 .text._ZN5Dac_t10updateRampEv
                0x00000000       0x52 App/src/Dac.o
 .text._ZN5Dac_t10loadValuesEPh
                0x00000000      0x136 App/src/Dac.o
 .group         0x00000000        0x8 App/src/Hk.o
 .text          0x00000000        0x0 App/src/Hk.o
 .data          0x00000000        0x0 App/src/Hk.o
 .bss           0x00000000        0x0 App/src/Hk.o
 .text._ZN8SerialX_ILi0EE6printfEPKcz
                0x00000000       0x56 App/src/Hk.o
 .text          0x00000000        0x0 App/src/Switches.o
 .data          0x00000000        0x0 App/src/Switches.o
 .bss           0x00000000        0x0 App/src/Switches.o
 .text._ZN10Switches_t18disableAllSwitchesEv
                0x00000000       0x18 App/src/Switches.o
 .text._ZN10Switches_t17enableAllSwitchesEv
                0x00000000       0x18 App/src/Switches.o
 .text          0x00000000        0x0 Boards/SWI-PSU-BIAS-DM1/board.o
 .data          0x00000000        0x0 Boards/SWI-PSU-BIAS-DM1/board.o
 .bss           0x00000000        0x0 Boards/SWI-PSU-BIAS-DM1/board.o
 .text._ZN25BOARDS_SWI_PSU_BIAS_DM1_tC2Ev
                0x00000000        0x2 Boards/SWI-PSU-BIAS-DM1/board.o
 .text._ZN25BOARDS_SWI_PSU_BIAS_DM1_t4initEv
                0x00000000        0x2 Boards/SWI-PSU-BIAS-DM1/board.o
 .debug_info    0x00000000      0xae9 Boards/SWI-PSU-BIAS-DM1/board.o
 .debug_abbrev  0x00000000      0x19a Boards/SWI-PSU-BIAS-DM1/board.o
 .debug_aranges
                0x00000000       0x28 Boards/SWI-PSU-BIAS-DM1/board.o
 .debug_ranges  0x00000000       0x18 Boards/SWI-PSU-BIAS-DM1/board.o
 .debug_line    0x00000000      0x116 Boards/SWI-PSU-BIAS-DM1/board.o
 .debug_str     0x00000000      0x895 Boards/SWI-PSU-BIAS-DM1/board.o
 .comment       0x00000000       0x31 Boards/SWI-PSU-BIAS-DM1/board.o
 .debug_frame   0x00000000       0x34 Boards/SWI-PSU-BIAS-DM1/board.o
 .text          0x00000000        0x0 Devices/ADC128S102.o
 .data          0x00000000        0x0 Devices/ADC128S102.o
 .bss           0x00000000        0x0 Devices/ADC128S102.o
 .text._ZN12ADC128S102_t19getOversampledValueEh
                0x00000000       0x64 Devices/ADC128S102.o
 .text          0x00000000        0x0 Devices/DAC121S101.o
 .data          0x00000000        0x0 Devices/DAC121S101.o
 .bss           0x00000000        0x0 Devices/DAC121S101.o
 .text._ZN12DAC121S101_t7setModeENS_8DAC_ModeE
                0x00000000        0x6 Devices/DAC121S101.o
 .text          0x00000000        0x0 Devices/MAX306EWIdouble.o
 .data          0x00000000        0x0 Devices/MAX306EWIdouble.o
 .bss           0x00000000        0x0 Devices/MAX306EWIdouble.o
 .text          0x00000000        0x0 Devices/SN74HC138Ntriple.o
 .data          0x00000000        0x0 Devices/SN74HC138Ntriple.o
 .bss           0x00000000        0x0 Devices/SN74HC138Ntriple.o
 .text._ZN18SN74HC138Ntriple_t4initEv
                0x00000000       0x2a Devices/SN74HC138Ntriple.o
 .text._ZN18SN74HC138Ntriple_tC2Ev
                0x00000000       0x36 Devices/SN74HC138Ntriple.o
 .text._ZN18SN74HC138Ntriple_t6selectEh
                0x00000000       0x84 Devices/SN74HC138Ntriple.o
 .debug_info    0x00000000      0x750 Devices/SN74HC138Ntriple.o
 .debug_abbrev  0x00000000      0x230 Devices/SN74HC138Ntriple.o
 .debug_loc     0x00000000      0x113 Devices/SN74HC138Ntriple.o
 .debug_aranges
                0x00000000       0x30 Devices/SN74HC138Ntriple.o
 .debug_ranges  0x00000000       0x20 Devices/SN74HC138Ntriple.o
 .debug_line    0x00000000      0x1b0 Devices/SN74HC138Ntriple.o
 .debug_str     0x00000000      0x3ba Devices/SN74HC138Ntriple.o
 .comment       0x00000000       0x31 Devices/SN74HC138Ntriple.o
 .debug_frame   0x00000000       0x50 Devices/SN74HC138Ntriple.o
 .text          0x00000000        0x0 HAL/AVR/Timer.o
 .data          0x00000000        0x0 HAL/AVR/Timer.o
 .bss           0x00000000        0x0 HAL/AVR/Timer.o
 .text._ZN7Timer_tC2Ev
                0x00000000        0x2 HAL/AVR/Timer.o
 .text._ZN7Timer_t4initEj
                0x00000000       0x6c HAL/AVR/Timer.o
 .debug_info    0x00000000      0x1b0 HAL/AVR/Timer.o
 .debug_abbrev  0x00000000      0x153 HAL/AVR/Timer.o
 .debug_loc     0x00000000       0xe2 HAL/AVR/Timer.o
 .debug_aranges
                0x00000000       0x28 HAL/AVR/Timer.o
 .debug_ranges  0x00000000       0x18 HAL/AVR/Timer.o
 .debug_line    0x00000000      0x110 HAL/AVR/Timer.o
 .debug_str     0x00000000      0x221 HAL/AVR/Timer.o
 .comment       0x00000000       0x31 HAL/AVR/Timer.o
 .debug_frame   0x00000000       0x34 HAL/AVR/Timer.o
 .text          0x00000000        0x0 SWI-PSU-BIAS-DM1.o
 .data          0x00000000        0x0 SWI-PSU-BIAS-DM1.o
 .bss           0x00000000        0x0 SWI-PSU-BIAS-DM1.o
 .text          0x00000000        0x0 HAL/AVR/GPIO.o
 .data          0x00000000        0x0 HAL/AVR/GPIO.o
 .bss           0x00000000        0x0 HAL/AVR/GPIO.o
 .text._ZN9GPIOPin_tC2ENS_13InitTypeDef_tE
                0x00000000        0x6 HAL/AVR/GPIO.o
 .text._ZN9GPIOPin_t3setEv
                0x00000000       0x26 HAL/AVR/GPIO.o
 .text._ZN9GPIOPin_t5resetEv
                0x00000000       0x2a HAL/AVR/GPIO.o
 .text._ZN9GPIOPin_t5writeEb
                0x00000000       0x10 HAL/AVR/GPIO.o
 .text._ZN9GPIOPin_t4readEv
                0x00000000       0x24 HAL/AVR/GPIO.o
 .text._ZN9GPIOPin_t7pinmodeENS_9GPIO_ModeE
                0x00000000       0xb2 HAL/AVR/GPIO.o
 .text          0x00000000        0x0 HAL/AVR/SPI.o
 .data          0x00000000        0x0 HAL/AVR/SPI.o
 .bss           0x00000000        0x0 HAL/AVR/SPI.o
 .text._ZN12SPI_Device_t4initEh
                0x00000000       0x18 HAL/AVR/SPI.o
 .text._ZN12SPI_Device_tC2Eh
                0x00000000       0x1e HAL/AVR/SPI.o
 .text._ZN12SPI_Device_t6enableEv
                0x00000000        0x6 HAL/AVR/SPI.o
 .text._ZN12SPI_Device_t7disableEv
                0x00000000        0x6 HAL/AVR/SPI.o
 .text._ZN12SPI_Device_t13data_transferEh
                0x00000000       0x2a HAL/AVR/SPI.o
 .text._ZN12SPI_Device_t13data_transferEPhS0_h
                0x00000000       0x6a HAL/AVR/SPI.o
 .text          0x00000000        0x0 d:/programy_x86/atmel/studio/7.0/toolchain/avr8/avr8-gnu-toolchain/bin/../lib/gcc/avr/4.9.2/../../../../avr/lib/avr51\libm.a(addsf3.o)
 .data          0x00000000        0x0 d:/programy_x86/atmel/studio/7.0/toolchain/avr8/avr8-gnu-toolchain/bin/../lib/gcc/avr/4.9.2/../../../../avr/lib/avr51\libm.a(addsf3.o)
 .bss           0x00000000        0x0 d:/programy_x86/atmel/studio/7.0/toolchain/avr8/avr8-gnu-toolchain/bin/../lib/gcc/avr/4.9.2/../../../../avr/lib/avr51\libm.a(addsf3.o)
 .text.avr-libc.fplib
                0x00000000        0xe d:/programy_x86/atmel/studio/7.0/toolchain/avr8/avr8-gnu-toolchain/bin/../lib/gcc/avr/4.9.2/../../../../avr/lib/avr51\libm.a(addsf3.o)
 .text          0x00000000        0x0 d:/programy_x86/atmel/studio/7.0/toolchain/avr8/avr8-gnu-toolchain/bin/../lib/gcc/avr/4.9.2/../../../../avr/lib/avr51\libm.a(addsf3x.o)
 .data          0x00000000        0x0 d:/programy_x86/atmel/studio/7.0/toolchain/avr8/avr8-gnu-toolchain/bin/../lib/gcc/avr/4.9.2/../../../../avr/lib/avr51\libm.a(addsf3x.o)
 .bss           0x00000000        0x0 d:/programy_x86/atmel/studio/7.0/toolchain/avr8/avr8-gnu-toolchain/bin/../lib/gcc/avr/4.9.2/../../../../avr/lib/avr51\libm.a(addsf3x.o)
 .text.avr-libc.fplib
                0x00000000       0xcc d:/programy_x86/atmel/studio/7.0/toolchain/avr8/avr8-gnu-toolchain/bin/../lib/gcc/avr/4.9.2/../../../../avr/lib/avr51\libm.a(addsf3x.o)
 .text          0x00000000        0x0 d:/programy_x86/atmel/studio/7.0/toolchain/avr8/avr8-gnu-toolchain/bin/../lib/gcc/avr/4.9.2/../../../../avr/lib/avr51\libm.a(divsf3.o)
 .data          0x00000000        0x0 d:/programy_x86/atmel/studio/7.0/toolchain/avr8/avr8-gnu-toolchain/bin/../lib/gcc/avr/4.9.2/../../../../avr/lib/avr51\libm.a(divsf3.o)
 .bss           0x00000000        0x0 d:/programy_x86/atmel/studio/7.0/toolchain/avr8/avr8-gnu-toolchain/bin/../lib/gcc/avr/4.9.2/../../../../avr/lib/avr51\libm.a(divsf3.o)
 .text.avr-libc.fplib
                0x00000000        0x8 d:/programy_x86/atmel/studio/7.0/toolchain/avr8/avr8-gnu-toolchain/bin/../lib/gcc/avr/4.9.2/../../../../avr/lib/avr51\libm.a(divsf3.o)
 .text          0x00000000        0x0 d:/programy_x86/atmel/studio/7.0/toolchain/avr8/avr8-gnu-toolchain/bin/../lib/gcc/avr/4.9.2/../../../../avr/lib/avr51\libm.a(divsf3x.o)
 .data          0x00000000        0x0 d:/programy_x86/atmel/studio/7.0/toolchain/avr8/avr8-gnu-toolchain/bin/../lib/gcc/avr/4.9.2/../../../../avr/lib/avr51\libm.a(divsf3x.o)
 .bss           0x00000000        0x0 d:/programy_x86/atmel/studio/7.0/toolchain/avr8/avr8-gnu-toolchain/bin/../lib/gcc/avr/4.9.2/../../../../avr/lib/avr51\libm.a(divsf3x.o)
 .text.avr-libc.fplib
                0x00000000       0xdc d:/programy_x86/atmel/studio/7.0/toolchain/avr8/avr8-gnu-toolchain/bin/../lib/gcc/avr/4.9.2/../../../../avr/lib/avr51\libm.a(divsf3x.o)
 .text          0x00000000        0x0 d:/programy_x86/atmel/studio/7.0/toolchain/avr8/avr8-gnu-toolchain/bin/../lib/gcc/avr/4.9.2/../../../../avr/lib/avr51\libm.a(fixunssfsi.o)
 .data          0x00000000        0x0 d:/programy_x86/atmel/studio/7.0/toolchain/avr8/avr8-gnu-toolchain/bin/../lib/gcc/avr/4.9.2/../../../../avr/lib/avr51\libm.a(fixunssfsi.o)
 .bss           0x00000000        0x0 d:/programy_x86/atmel/studio/7.0/toolchain/avr8/avr8-gnu-toolchain/bin/../lib/gcc/avr/4.9.2/../../../../avr/lib/avr51\libm.a(fixunssfsi.o)
 .text.avr-libc.fplib
                0x00000000       0x5e d:/programy_x86/atmel/studio/7.0/toolchain/avr8/avr8-gnu-toolchain/bin/../lib/gcc/avr/4.9.2/../../../../avr/lib/avr51\libm.a(fixunssfsi.o)
 .text          0x00000000        0x0 d:/programy_x86/atmel/studio/7.0/toolchain/avr8/avr8-gnu-toolchain/bin/../lib/gcc/avr/4.9.2/../../../../avr/lib/avr51\libm.a(floatsisf.o)
 .data          0x00000000        0x0 d:/programy_x86/atmel/studio/7.0/toolchain/avr8/avr8-gnu-toolchain/bin/../lib/gcc/avr/4.9.2/../../../../avr/lib/avr51\libm.a(floatsisf.o)
 .bss           0x00000000        0x0 d:/programy_x86/atmel/studio/7.0/toolchain/avr8/avr8-gnu-toolchain/bin/../lib/gcc/avr/4.9.2/../../../../avr/lib/avr51\libm.a(floatsisf.o)
 .text.avr-libc.fplib
                0x00000000       0x7a d:/programy_x86/atmel/studio/7.0/toolchain/avr8/avr8-gnu-toolchain/bin/../lib/gcc/avr/4.9.2/../../../../avr/lib/avr51\libm.a(floatsisf.o)
 .text          0x00000000        0x0 d:/programy_x86/atmel/studio/7.0/toolchain/avr8/avr8-gnu-toolchain/bin/../lib/gcc/avr/4.9.2/../../../../avr/lib/avr51\libm.a(fp_inf.o)
 .data          0x00000000        0x0 d:/programy_x86/atmel/studio/7.0/toolchain/avr8/avr8-gnu-toolchain/bin/../lib/gcc/avr/4.9.2/../../../../avr/lib/avr51\libm.a(fp_inf.o)
 .bss           0x00000000        0x0 d:/programy_x86/atmel/studio/7.0/toolchain/avr8/avr8-gnu-toolchain/bin/../lib/gcc/avr/4.9.2/../../../../avr/lib/avr51\libm.a(fp_inf.o)
 .text.avr-libc.fplib
                0x00000000        0xc d:/programy_x86/atmel/studio/7.0/toolchain/avr8/avr8-gnu-toolchain/bin/../lib/gcc/avr/4.9.2/../../../../avr/lib/avr51\libm.a(fp_inf.o)
 .text          0x00000000        0x0 d:/programy_x86/atmel/studio/7.0/toolchain/avr8/avr8-gnu-toolchain/bin/../lib/gcc/avr/4.9.2/../../../../avr/lib/avr51\libm.a(fp_nan.o)
 .data          0x00000000        0x0 d:/programy_x86/atmel/studio/7.0/toolchain/avr8/avr8-gnu-toolchain/bin/../lib/gcc/avr/4.9.2/../../../../avr/lib/avr51\libm.a(fp_nan.o)
 .bss           0x00000000        0x0 d:/programy_x86/atmel/studio/7.0/toolchain/avr8/avr8-gnu-toolchain/bin/../lib/gcc/avr/4.9.2/../../../../avr/lib/avr51\libm.a(fp_nan.o)
 .text.avr-libc.fplib
                0x00000000        0x6 d:/programy_x86/atmel/studio/7.0/toolchain/avr8/avr8-gnu-toolchain/bin/../lib/gcc/avr/4.9.2/../../../../avr/lib/avr51\libm.a(fp_nan.o)
 .text          0x00000000        0x0 d:/programy_x86/atmel/studio/7.0/toolchain/avr8/avr8-gnu-toolchain/bin/../lib/gcc/avr/4.9.2/../../../../avr/lib/avr51\libm.a(fp_pscA.o)
 .data          0x00000000        0x0 d:/programy_x86/atmel/studio/7.0/toolchain/avr8/avr8-gnu-toolchain/bin/../lib/gcc/avr/4.9.2/../../../../avr/lib/avr51\libm.a(fp_pscA.o)
 .bss           0x00000000        0x0 d:/programy_x86/atmel/studio/7.0/toolchain/avr8/avr8-gnu-toolchain/bin/../lib/gcc/avr/4.9.2/../../../../avr/lib/avr51\libm.a(fp_pscA.o)
 .text.avr-libc.fplib
                0x00000000        0xe d:/programy_x86/atmel/studio/7.0/toolchain/avr8/avr8-gnu-toolchain/bin/../lib/gcc/avr/4.9.2/../../../../avr/lib/avr51\libm.a(fp_pscA.o)
 .text          0x00000000        0x0 d:/programy_x86/atmel/studio/7.0/toolchain/avr8/avr8-gnu-toolchain/bin/../lib/gcc/avr/4.9.2/../../../../avr/lib/avr51\libm.a(fp_pscB.o)
 .data          0x00000000        0x0 d:/programy_x86/atmel/studio/7.0/toolchain/avr8/avr8-gnu-toolchain/bin/../lib/gcc/avr/4.9.2/../../../../avr/lib/avr51\libm.a(fp_pscB.o)
 .bss           0x00000000        0x0 d:/programy_x86/atmel/studio/7.0/toolchain/avr8/avr8-gnu-toolchain/bin/../lib/gcc/avr/4.9.2/../../../../avr/lib/avr51\libm.a(fp_pscB.o)
 .text.avr-libc.fplib
                0x00000000        0xe d:/programy_x86/atmel/studio/7.0/toolchain/avr8/avr8-gnu-toolchain/bin/../lib/gcc/avr/4.9.2/../../../../avr/lib/avr51\libm.a(fp_pscB.o)
 .text          0x00000000        0x0 d:/programy_x86/atmel/studio/7.0/toolchain/avr8/avr8-gnu-toolchain/bin/../lib/gcc/avr/4.9.2/../../../../avr/lib/avr51\libm.a(fp_round.o)
 .data          0x00000000        0x0 d:/programy_x86/atmel/studio/7.0/toolchain/avr8/avr8-gnu-toolchain/bin/../lib/gcc/avr/4.9.2/../../../../avr/lib/avr51\libm.a(fp_round.o)
 .bss           0x00000000        0x0 d:/programy_x86/atmel/studio/7.0/toolchain/avr8/avr8-gnu-toolchain/bin/../lib/gcc/avr/4.9.2/../../../../avr/lib/avr51\libm.a(fp_round.o)
 .text.avr-libc.fplib
                0x00000000       0x22 d:/programy_x86/atmel/studio/7.0/toolchain/avr8/avr8-gnu-toolchain/bin/../lib/gcc/avr/4.9.2/../../../../avr/lib/avr51\libm.a(fp_round.o)
 .text          0x00000000        0x0 d:/programy_x86/atmel/studio/7.0/toolchain/avr8/avr8-gnu-toolchain/bin/../lib/gcc/avr/4.9.2/../../../../avr/lib/avr51\libm.a(fp_split3.o)
 .data          0x00000000        0x0 d:/programy_x86/atmel/studio/7.0/toolchain/avr8/avr8-gnu-toolchain/bin/../lib/gcc/avr/4.9.2/../../../../avr/lib/avr51\libm.a(fp_split3.o)
 .bss           0x00000000        0x0 d:/programy_x86/atmel/studio/7.0/toolchain/avr8/avr8-gnu-toolchain/bin/../lib/gcc/avr/4.9.2/../../../../avr/lib/avr51\libm.a(fp_split3.o)
 .text.avr-libc.fplib
                0x00000000       0x44 d:/programy_x86/atmel/studio/7.0/toolchain/avr8/avr8-gnu-toolchain/bin/../lib/gcc/avr/4.9.2/../../../../avr/lib/avr51\libm.a(fp_split3.o)
 .text          0x00000000        0x0 d:/programy_x86/atmel/studio/7.0/toolchain/avr8/avr8-gnu-toolchain/bin/../lib/gcc/avr/4.9.2/../../../../avr/lib/avr51\libm.a(fp_zero.o)
 .data          0x00000000        0x0 d:/programy_x86/atmel/studio/7.0/toolchain/avr8/avr8-gnu-toolchain/bin/../lib/gcc/avr/4.9.2/../../../../avr/lib/avr51\libm.a(fp_zero.o)
 .bss           0x00000000        0x0 d:/programy_x86/atmel/studio/7.0/toolchain/avr8/avr8-gnu-toolchain/bin/../lib/gcc/avr/4.9.2/../../../../avr/lib/avr51\libm.a(fp_zero.o)
 .text.avr-libc.fplib
                0x00000000        0xe d:/programy_x86/atmel/studio/7.0/toolchain/avr8/avr8-gnu-toolchain/bin/../lib/gcc/avr/4.9.2/../../../../avr/lib/avr51\libm.a(fp_zero.o)
 .text          0x00000000        0x0 d:/programy_x86/atmel/studio/7.0/toolchain/avr8/avr8-gnu-toolchain/bin/../lib/gcc/avr/4.9.2/../../../../avr/lib/avr51\libm.a(mulsf3.o)
 .data          0x00000000        0x0 d:/programy_x86/atmel/studio/7.0/toolchain/avr8/avr8-gnu-toolchain/bin/../lib/gcc/avr/4.9.2/../../../../avr/lib/avr51\libm.a(mulsf3.o)
 .bss           0x00000000        0x0 d:/programy_x86/atmel/studio/7.0/toolchain/avr8/avr8-gnu-toolchain/bin/../lib/gcc/avr/4.9.2/../../../../avr/lib/avr51\libm.a(mulsf3.o)
 .text.avr-libc.fplib
                0x00000000        0x8 d:/programy_x86/atmel/studio/7.0/toolchain/avr8/avr8-gnu-toolchain/bin/../lib/gcc/avr/4.9.2/../../../../avr/lib/avr51\libm.a(mulsf3.o)
 .text          0x00000000        0x0 d:/programy_x86/atmel/studio/7.0/toolchain/avr8/avr8-gnu-toolchain/bin/../lib/gcc/avr/4.9.2/../../../../avr/lib/avr51\libm.a(mulsf3x.o)
 .data          0x00000000        0x0 d:/programy_x86/atmel/studio/7.0/toolchain/avr8/avr8-gnu-toolchain/bin/../lib/gcc/avr/4.9.2/../../../../avr/lib/avr51\libm.a(mulsf3x.o)
 .bss           0x00000000        0x0 d:/programy_x86/atmel/studio/7.0/toolchain/avr8/avr8-gnu-toolchain/bin/../lib/gcc/avr/4.9.2/../../../../avr/lib/avr51\libm.a(mulsf3x.o)
 .text.avr-libc.fplib
                0x00000000       0xd2 d:/programy_x86/atmel/studio/7.0/toolchain/avr8/avr8-gnu-toolchain/bin/../lib/gcc/avr/4.9.2/../../../../avr/lib/avr51\libm.a(mulsf3x.o)
 .text          0x00000000        0x0 d:/programy_x86/atmel/studio/7.0/toolchain/avr8/avr8-gnu-toolchain/bin/../lib/gcc/avr/4.9.2/../../../../avr/lib/avr51\libm.a(round.o)
 .data          0x00000000        0x0 d:/programy_x86/atmel/studio/7.0/toolchain/avr8/avr8-gnu-toolchain/bin/../lib/gcc/avr/4.9.2/../../../../avr/lib/avr51\libm.a(round.o)
 .bss           0x00000000        0x0 d:/programy_x86/atmel/studio/7.0/toolchain/avr8/avr8-gnu-toolchain/bin/../lib/gcc/avr/4.9.2/../../../../avr/lib/avr51\libm.a(round.o)
 .text.avr-libc.fplib
                0x00000000       0x48 d:/programy_x86/atmel/studio/7.0/toolchain/avr8/avr8-gnu-toolchain/bin/../lib/gcc/avr/4.9.2/../../../../avr/lib/avr51\libm.a(round.o)
 .text          0x00000000        0x0 d:/programy_x86/atmel/studio/7.0/toolchain/avr8/avr8-gnu-toolchain/bin/../lib/gcc/avr/4.9.2/../../../../avr/lib/avr51\libm.a(fp_mintl.o)
 .data          0x00000000        0x0 d:/programy_x86/atmel/studio/7.0/toolchain/avr8/avr8-gnu-toolchain/bin/../lib/gcc/avr/4.9.2/../../../../avr/lib/avr51\libm.a(fp_mintl.o)
 .bss           0x00000000        0x0 d:/programy_x86/atmel/studio/7.0/toolchain/avr8/avr8-gnu-toolchain/bin/../lib/gcc/avr/4.9.2/../../../../avr/lib/avr51\libm.a(fp_mintl.o)
 .text.avr-libc.fplib
                0x00000000       0x36 d:/programy_x86/atmel/studio/7.0/toolchain/avr8/avr8-gnu-toolchain/bin/../lib/gcc/avr/4.9.2/../../../../avr/lib/avr51\libm.a(fp_mintl.o)
 .text          0x00000000        0x0 d:/programy_x86/atmel/studio/7.0/toolchain/avr8/avr8-gnu-toolchain/bin/../lib/gcc/avr/4.9.2/../../../../avr/lib/avr51\libm.a(fp_mpack.o)
 .data          0x00000000        0x0 d:/programy_x86/atmel/studio/7.0/toolchain/avr8/avr8-gnu-toolchain/bin/../lib/gcc/avr/4.9.2/../../../../avr/lib/avr51\libm.a(fp_mpack.o)
 .bss           0x00000000        0x0 d:/programy_x86/atmel/studio/7.0/toolchain/avr8/avr8-gnu-toolchain/bin/../lib/gcc/avr/4.9.2/../../../../avr/lib/avr51\libm.a(fp_mpack.o)
 .text.avr-libc.fplib
                0x00000000       0x1c d:/programy_x86/atmel/studio/7.0/toolchain/avr8/avr8-gnu-toolchain/bin/../lib/gcc/avr/4.9.2/../../../../avr/lib/avr51\libm.a(fp_mpack.o)
 .text          0x00000000        0x0 d:/programy_x86/atmel/studio/7.0/toolchain/avr8/avr8-gnu-toolchain/bin/../lib/gcc/avr/4.9.2/../../../../avr/lib/avr51\libprintf_flt.a(vfprintf_flt.o)
 .data          0x00000000        0x0 d:/programy_x86/atmel/studio/7.0/toolchain/avr8/avr8-gnu-toolchain/bin/../lib/gcc/avr/4.9.2/../../../../avr/lib/avr51\libprintf_flt.a(vfprintf_flt.o)
 .bss           0x00000000        0x0 d:/programy_x86/atmel/studio/7.0/toolchain/avr8/avr8-gnu-toolchain/bin/../lib/gcc/avr/4.9.2/../../../../avr/lib/avr51\libprintf_flt.a(vfprintf_flt.o)
 .text          0x00000000        0x0 d:/programy_x86/atmel/studio/7.0/toolchain/avr8/avr8-gnu-toolchain/bin/../lib/gcc/avr/4.9.2/avr51\libgcc.a(_exit.o)
 .data          0x00000000        0x0 d:/programy_x86/atmel/studio/7.0/toolchain/avr8/avr8-gnu-toolchain/bin/../lib/gcc/avr/4.9.2/avr51\libgcc.a(_exit.o)
 .bss           0x00000000        0x0 d:/programy_x86/atmel/studio/7.0/toolchain/avr8/avr8-gnu-toolchain/bin/../lib/gcc/avr/4.9.2/avr51\libgcc.a(_exit.o)
 .text.libgcc.mul
                0x00000000        0x0 d:/programy_x86/atmel/studio/7.0/toolchain/avr8/avr8-gnu-toolchain/bin/../lib/gcc/avr/4.9.2/avr51\libgcc.a(_exit.o)
 .text.libgcc.div
                0x00000000        0x0 d:/programy_x86/atmel/studio/7.0/toolchain/avr8/avr8-gnu-toolchain/bin/../lib/gcc/avr/4.9.2/avr51\libgcc.a(_exit.o)
 .text.libgcc   0x00000000        0x0 d:/programy_x86/atmel/studio/7.0/toolchain/avr8/avr8-gnu-toolchain/bin/../lib/gcc/avr/4.9.2/avr51\libgcc.a(_exit.o)
 .text.libgcc.prologue
                0x00000000        0x0 d:/programy_x86/atmel/studio/7.0/toolchain/avr8/avr8-gnu-toolchain/bin/../lib/gcc/avr/4.9.2/avr51\libgcc.a(_exit.o)
 .text.libgcc.builtins
                0x00000000        0x0 d:/programy_x86/atmel/studio/7.0/toolchain/avr8/avr8-gnu-toolchain/bin/../lib/gcc/avr/4.9.2/avr51\libgcc.a(_exit.o)
 .text.libgcc.fmul
                0x00000000        0x0 d:/programy_x86/atmel/studio/7.0/toolchain/avr8/avr8-gnu-toolchain/bin/../lib/gcc/avr/4.9.2/avr51\libgcc.a(_exit.o)
 .text.libgcc.fixed
                0x00000000        0x0 d:/programy_x86/atmel/studio/7.0/toolchain/avr8/avr8-gnu-toolchain/bin/../lib/gcc/avr/4.9.2/avr51\libgcc.a(_exit.o)
 .text          0x00000000        0x0 d:/programy_x86/atmel/studio/7.0/toolchain/avr8/avr8-gnu-toolchain/bin/../lib/gcc/avr/4.9.2/avr51\libgcc.a(_copy_data.o)
 .data          0x00000000        0x0 d:/programy_x86/atmel/studio/7.0/toolchain/avr8/avr8-gnu-toolchain/bin/../lib/gcc/avr/4.9.2/avr51\libgcc.a(_copy_data.o)
 .bss           0x00000000        0x0 d:/programy_x86/atmel/studio/7.0/toolchain/avr8/avr8-gnu-toolchain/bin/../lib/gcc/avr/4.9.2/avr51\libgcc.a(_copy_data.o)
 .text.libgcc.mul
                0x00000000        0x0 d:/programy_x86/atmel/studio/7.0/toolchain/avr8/avr8-gnu-toolchain/bin/../lib/gcc/avr/4.9.2/avr51\libgcc.a(_copy_data.o)
 .text.libgcc.div
                0x00000000        0x0 d:/programy_x86/atmel/studio/7.0/toolchain/avr8/avr8-gnu-toolchain/bin/../lib/gcc/avr/4.9.2/avr51\libgcc.a(_copy_data.o)
 .text.libgcc   0x00000000        0x0 d:/programy_x86/atmel/studio/7.0/toolchain/avr8/avr8-gnu-toolchain/bin/../lib/gcc/avr/4.9.2/avr51\libgcc.a(_copy_data.o)
 .text.libgcc.prologue
                0x00000000        0x0 d:/programy_x86/atmel/studio/7.0/toolchain/avr8/avr8-gnu-toolchain/bin/../lib/gcc/avr/4.9.2/avr51\libgcc.a(_copy_data.o)
 .text.libgcc.builtins
                0x00000000        0x0 d:/programy_x86/atmel/studio/7.0/toolchain/avr8/avr8-gnu-toolchain/bin/../lib/gcc/avr/4.9.2/avr51\libgcc.a(_copy_data.o)
 .text.libgcc.fmul
                0x00000000        0x0 d:/programy_x86/atmel/studio/7.0/toolchain/avr8/avr8-gnu-toolchain/bin/../lib/gcc/avr/4.9.2/avr51\libgcc.a(_copy_data.o)
 .text.libgcc.fixed
                0x00000000        0x0 d:/programy_x86/atmel/studio/7.0/toolchain/avr8/avr8-gnu-toolchain/bin/../lib/gcc/avr/4.9.2/avr51\libgcc.a(_copy_data.o)
 .text          0x00000000        0x0 d:/programy_x86/atmel/studio/7.0/toolchain/avr8/avr8-gnu-toolchain/bin/../lib/gcc/avr/4.9.2/avr51\libgcc.a(_clear_bss.o)
 .data          0x00000000        0x0 d:/programy_x86/atmel/studio/7.0/toolchain/avr8/avr8-gnu-toolchain/bin/../lib/gcc/avr/4.9.2/avr51\libgcc.a(_clear_bss.o)
 .bss           0x00000000        0x0 d:/programy_x86/atmel/studio/7.0/toolchain/avr8/avr8-gnu-toolchain/bin/../lib/gcc/avr/4.9.2/avr51\libgcc.a(_clear_bss.o)
 .text.libgcc.mul
                0x00000000        0x0 d:/programy_x86/atmel/studio/7.0/toolchain/avr8/avr8-gnu-toolchain/bin/../lib/gcc/avr/4.9.2/avr51\libgcc.a(_clear_bss.o)
 .text.libgcc.div
                0x00000000        0x0 d:/programy_x86/atmel/studio/7.0/toolchain/avr8/avr8-gnu-toolchain/bin/../lib/gcc/avr/4.9.2/avr51\libgcc.a(_clear_bss.o)
 .text.libgcc   0x00000000        0x0 d:/programy_x86/atmel/studio/7.0/toolchain/avr8/avr8-gnu-toolchain/bin/../lib/gcc/avr/4.9.2/avr51\libgcc.a(_clear_bss.o)
 .text.libgcc.prologue
                0x00000000        0x0 d:/programy_x86/atmel/studio/7.0/toolchain/avr8/avr8-gnu-toolchain/bin/../lib/gcc/avr/4.9.2/avr51\libgcc.a(_clear_bss.o)
 .text.libgcc.builtins
                0x00000000        0x0 d:/programy_x86/atmel/studio/7.0/toolchain/avr8/avr8-gnu-toolchain/bin/../lib/gcc/avr/4.9.2/avr51\libgcc.a(_clear_bss.o)
 .text.libgcc.fmul
                0x00000000        0x0 d:/programy_x86/atmel/studio/7.0/toolchain/avr8/avr8-gnu-toolchain/bin/../lib/gcc/avr/4.9.2/avr51\libgcc.a(_clear_bss.o)
 .text.libgcc.fixed
                0x00000000        0x0 d:/programy_x86/atmel/studio/7.0/toolchain/avr8/avr8-gnu-toolchain/bin/../lib/gcc/avr/4.9.2/avr51\libgcc.a(_clear_bss.o)
 .text          0x00000000        0x0 d:/programy_x86/atmel/studio/7.0/toolchain/avr8/avr8-gnu-toolchain/bin/../lib/gcc/avr/4.9.2/avr51\libgcc.a(_ctors.o)
 .data          0x00000000        0x0 d:/programy_x86/atmel/studio/7.0/toolchain/avr8/avr8-gnu-toolchain/bin/../lib/gcc/avr/4.9.2/avr51\libgcc.a(_ctors.o)
 .bss           0x00000000        0x0 d:/programy_x86/atmel/studio/7.0/toolchain/avr8/avr8-gnu-toolchain/bin/../lib/gcc/avr/4.9.2/avr51\libgcc.a(_ctors.o)
 .text.libgcc.mul
                0x00000000        0x0 d:/programy_x86/atmel/studio/7.0/toolchain/avr8/avr8-gnu-toolchain/bin/../lib/gcc/avr/4.9.2/avr51\libgcc.a(_ctors.o)
 .text.libgcc.div
                0x00000000        0x0 d:/programy_x86/atmel/studio/7.0/toolchain/avr8/avr8-gnu-toolchain/bin/../lib/gcc/avr/4.9.2/avr51\libgcc.a(_ctors.o)
 .text.libgcc   0x00000000        0x0 d:/programy_x86/atmel/studio/7.0/toolchain/avr8/avr8-gnu-toolchain/bin/../lib/gcc/avr/4.9.2/avr51\libgcc.a(_ctors.o)
 .text.libgcc.prologue
                0x00000000        0x0 d:/programy_x86/atmel/studio/7.0/toolchain/avr8/avr8-gnu-toolchain/bin/../lib/gcc/avr/4.9.2/avr51\libgcc.a(_ctors.o)
 .text.libgcc.builtins
                0x00000000        0x0 d:/programy_x86/atmel/studio/7.0/toolchain/avr8/avr8-gnu-toolchain/bin/../lib/gcc/avr/4.9.2/avr51\libgcc.a(_ctors.o)
 .text.libgcc.fmul
                0x00000000        0x0 d:/programy_x86/atmel/studio/7.0/toolchain/avr8/avr8-gnu-toolchain/bin/../lib/gcc/avr/4.9.2/avr51\libgcc.a(_ctors.o)
 .text.libgcc.fixed
                0x00000000        0x0 d:/programy_x86/atmel/studio/7.0/toolchain/avr8/avr8-gnu-toolchain/bin/../lib/gcc/avr/4.9.2/avr51\libgcc.a(_ctors.o)
 .text          0x00000000        0x0 d:/programy_x86/atmel/studio/7.0/toolchain/avr8/avr8-gnu-toolchain/bin/../lib/gcc/avr/4.9.2/avr51\libgcc.a(_tablejump2.o)
 .data          0x00000000        0x0 d:/programy_x86/atmel/studio/7.0/toolchain/avr8/avr8-gnu-toolchain/bin/../lib/gcc/avr/4.9.2/avr51\libgcc.a(_tablejump2.o)
 .bss           0x00000000        0x0 d:/programy_x86/atmel/studio/7.0/toolchain/avr8/avr8-gnu-toolchain/bin/../lib/gcc/avr/4.9.2/avr51\libgcc.a(_tablejump2.o)
 .text.libgcc.mul
                0x00000000        0x0 d:/programy_x86/atmel/studio/7.0/toolchain/avr8/avr8-gnu-toolchain/bin/../lib/gcc/avr/4.9.2/avr51\libgcc.a(_tablejump2.o)
 .text.libgcc.div
                0x00000000        0x0 d:/programy_x86/atmel/studio/7.0/toolchain/avr8/avr8-gnu-toolchain/bin/../lib/gcc/avr/4.9.2/avr51\libgcc.a(_tablejump2.o)
 .text.libgcc.prologue
                0x00000000        0x0 d:/programy_x86/atmel/studio/7.0/toolchain/avr8/avr8-gnu-toolchain/bin/../lib/gcc/avr/4.9.2/avr51\libgcc.a(_tablejump2.o)
 .text.libgcc.builtins
                0x00000000        0x0 d:/programy_x86/atmel/studio/7.0/toolchain/avr8/avr8-gnu-toolchain/bin/../lib/gcc/avr/4.9.2/avr51\libgcc.a(_tablejump2.o)
 .text.libgcc.fmul
                0x00000000        0x0 d:/programy_x86/atmel/studio/7.0/toolchain/avr8/avr8-gnu-toolchain/bin/../lib/gcc/avr/4.9.2/avr51\libgcc.a(_tablejump2.o)
 .text.libgcc.fixed
                0x00000000        0x0 d:/programy_x86/atmel/studio/7.0/toolchain/avr8/avr8-gnu-toolchain/bin/../lib/gcc/avr/4.9.2/avr51\libgcc.a(_tablejump2.o)
 .text          0x00000000        0x0 d:/programy_x86/atmel/studio/7.0/toolchain/avr8/avr8-gnu-toolchain/bin/../lib/gcc/avr/4.9.2/../../../../avr/lib/avr51\libc.a(ftoa_engine.o)
 .data          0x00000000        0x0 d:/programy_x86/atmel/studio/7.0/toolchain/avr8/avr8-gnu-toolchain/bin/../lib/gcc/avr/4.9.2/../../../../avr/lib/avr51\libc.a(ftoa_engine.o)
 .bss           0x00000000        0x0 d:/programy_x86/atmel/studio/7.0/toolchain/avr8/avr8-gnu-toolchain/bin/../lib/gcc/avr/4.9.2/../../../../avr/lib/avr51\libc.a(ftoa_engine.o)
 .text          0x00000000        0x0 d:/programy_x86/atmel/studio/7.0/toolchain/avr8/avr8-gnu-toolchain/bin/../lib/gcc/avr/4.9.2/../../../../avr/lib/avr51\libc.a(strnlen_P.o)
 .data          0x00000000        0x0 d:/programy_x86/atmel/studio/7.0/toolchain/avr8/avr8-gnu-toolchain/bin/../lib/gcc/avr/4.9.2/../../../../avr/lib/avr51\libc.a(strnlen_P.o)
 .bss           0x00000000        0x0 d:/programy_x86/atmel/studio/7.0/toolchain/avr8/avr8-gnu-toolchain/bin/../lib/gcc/avr/4.9.2/../../../../avr/lib/avr51\libc.a(strnlen_P.o)
 .text          0x00000000        0x0 d:/programy_x86/atmel/studio/7.0/toolchain/avr8/avr8-gnu-toolchain/bin/../lib/gcc/avr/4.9.2/../../../../avr/lib/avr51\libc.a(strnlen.o)
 .data          0x00000000        0x0 d:/programy_x86/atmel/studio/7.0/toolchain/avr8/avr8-gnu-toolchain/bin/../lib/gcc/avr/4.9.2/../../../../avr/lib/avr51\libc.a(strnlen.o)
 .bss           0x00000000        0x0 d:/programy_x86/atmel/studio/7.0/toolchain/avr8/avr8-gnu-toolchain/bin/../lib/gcc/avr/4.9.2/../../../../avr/lib/avr51\libc.a(strnlen.o)
 .text          0x00000000        0x0 d:/programy_x86/atmel/studio/7.0/toolchain/avr8/avr8-gnu-toolchain/bin/../lib/gcc/avr/4.9.2/../../../../avr/lib/avr51\libc.a(fputc.o)
 .data          0x00000000        0x0 d:/programy_x86/atmel/studio/7.0/toolchain/avr8/avr8-gnu-toolchain/bin/../lib/gcc/avr/4.9.2/../../../../avr/lib/avr51\libc.a(fputc.o)
 .bss           0x00000000        0x0 d:/programy_x86/atmel/studio/7.0/toolchain/avr8/avr8-gnu-toolchain/bin/../lib/gcc/avr/4.9.2/../../../../avr/lib/avr51\libc.a(fputc.o)
 .text          0x00000000        0x0 d:/programy_x86/atmel/studio/7.0/toolchain/avr8/avr8-gnu-toolchain/bin/../lib/gcc/avr/4.9.2/../../../../avr/lib/avr51\libc.a(vsnprintf.o)
 .data          0x00000000        0x0 d:/programy_x86/atmel/studio/7.0/toolchain/avr8/avr8-gnu-toolchain/bin/../lib/gcc/avr/4.9.2/../../../../avr/lib/avr51\libc.a(vsnprintf.o)
 .bss           0x00000000        0x0 d:/programy_x86/atmel/studio/7.0/toolchain/avr8/avr8-gnu-toolchain/bin/../lib/gcc/avr/4.9.2/../../../../avr/lib/avr51\libc.a(vsnprintf.o)
 .text          0x00000000        0x0 d:/programy_x86/atmel/studio/7.0/toolchain/avr8/avr8-gnu-toolchain/bin/../lib/gcc/avr/4.9.2/../../../../avr/lib/avr51\libc.a(ultoa_invert.o)
 .data          0x00000000        0x0 d:/programy_x86/atmel/studio/7.0/toolchain/avr8/avr8-gnu-toolchain/bin/../lib/gcc/avr/4.9.2/../../../../avr/lib/avr51\libc.a(ultoa_invert.o)
 .bss           0x00000000        0x0 d:/programy_x86/atmel/studio/7.0/toolchain/avr8/avr8-gnu-toolchain/bin/../lib/gcc/avr/4.9.2/../../../../avr/lib/avr51\libc.a(ultoa_invert.o)

Memory Configuration

Name             Origin             Length             Attributes
text             0x00000000         0x00020000         xr
data             0x00800100         0x0000ff00         rw !x
eeprom           0x00810000         0x00010000         rw !x
fuse             0x00820000         0x00000400         rw !x
lock             0x00830000         0x00000400         rw !x
signature        0x00840000         0x00000400         rw !x
user_signatures  0x00850000         0x00000400         rw !x
*default*        0x00000000         0xffffffff

Linker script and memory map

Address of section .data set to 0x800200
LOAD D:/Programy_x86/Atmel/Studio/7.0/Packs/atmel/ATmega_DFP/1.0.90/gcc/dev/atmega1280/avr51/crtatmega1280.o
LOAD App/src/Communication/Buffer.o
LOAD App/src/Communication/CheckSum_Fletcher16.o
LOAD App/src/app.o
LOAD App/src/Communication/Frame.o
LOAD App/src/Communication/String.o
LOAD App/src/Dac.o
LOAD App/src/Hk.o
LOAD App/src/Switches.o
LOAD Boards/SWI-PSU-BIAS-DM1/board.o
LOAD Devices/ADC128S102.o
LOAD Devices/DAC121S101.o
LOAD Devices/MAX306EWIdouble.o
LOAD Devices/SN74HC138Ntriple.o
LOAD HAL/AVR/Timer.o
LOAD SWI-PSU-BIAS-DM1.o
LOAD HAL/AVR/GPIO.o
LOAD HAL/AVR/SPI.o
START GROUP
LOAD d:/programy_x86/atmel/studio/7.0/toolchain/avr8/avr8-gnu-toolchain/bin/../lib/gcc/avr/4.9.2/../../../../avr/lib/avr51\libm.a
LOAD d:/programy_x86/atmel/studio/7.0/toolchain/avr8/avr8-gnu-toolchain/bin/../lib/gcc/avr/4.9.2/../../../../avr/lib/avr51\libprintf_flt.a
END GROUP
LOAD d:/programy_x86/atmel/studio/7.0/toolchain/avr8/avr8-gnu-toolchain/bin/../lib/gcc/avr/4.9.2/avr51\libgcc.a
LOAD d:/programy_x86/atmel/studio/7.0/toolchain/avr8/avr8-gnu-toolchain/bin/../lib/gcc/avr/4.9.2/../../../../avr/lib/avr51\libm.a
START GROUP
LOAD d:/programy_x86/atmel/studio/7.0/toolchain/avr8/avr8-gnu-toolchain/bin/../lib/gcc/avr/4.9.2/avr51\libgcc.a
LOAD d:/programy_x86/atmel/studio/7.0/toolchain/avr8/avr8-gnu-toolchain/bin/../lib/gcc/avr/4.9.2/../../../../avr/lib/avr51\libm.a
LOAD d:/programy_x86/atmel/studio/7.0/toolchain/avr8/avr8-gnu-toolchain/bin/../lib/gcc/avr/4.9.2/../../../../avr/lib/avr51\libc.a
LOAD D:/Programy_x86/Atmel/Studio/7.0/Packs/atmel/ATmega_DFP/1.0.90/gcc/dev/atmega1280/avr51\libatmega1280.a
END GROUP

.hash
 *(.hash)

.dynsym
 *(.dynsym)

.dynstr
 *(.dynstr)

.gnu.version
 *(.gnu.version)

.gnu.version_d
 *(.gnu.version_d)

.gnu.version_r
 *(.gnu.version_r)

.rel.init
 *(.rel.init)

.rela.init
 *(.rela.init)

.rel.text
 *(.rel.text)
 *(.rel.text.*)
 *(.rel.gnu.linkonce.t*)

.rela.text
 *(.rela.text)
 *(.rela.text.*)
 *(.rela.gnu.linkonce.t*)

.rel.fini
 *(.rel.fini)

.rela.fini
 *(.rela.fini)

.rel.rodata
 *(.rel.rodata)
 *(.rel.rodata.*)
 *(.rel.gnu.linkonce.r*)

.rela.rodata
 *(.rela.rodata)
 *(.rela.rodata.*)
 *(.rela.gnu.linkonce.r*)

.rel.data
 *(.rel.data)
 *(.rel.data.*)
 *(.rel.gnu.linkonce.d*)

.rela.data
 *(.rela.data)
 *(.rela.data.*)
 *(.rela.gnu.linkonce.d*)

.rel.ctors
 *(.rel.ctors)

.rela.ctors
 *(.rela.ctors)

.rel.dtors
 *(.rel.dtors)

.rela.dtors
 *(.rela.dtors)

.rel.got
 *(.rel.got)

.rela.got
 *(.rela.got)

.rel.bss
 *(.rel.bss)

.rela.bss
 *(.rela.bss)

.rel.plt
 *(.rel.plt)

.rela.plt
 *(.rela.plt)

.text           0x00000000     0x1e2a
 *(.vectors)
 .vectors       0x00000000       0xe4 D:/Programy_x86/Atmel/Studio/7.0/Packs/atmel/ATmega_DFP/1.0.90/gcc/dev/atmega1280/avr51/crtatmega1280.o
                0x00000000                __vector_default
                0x00000000                __vectors
 *(.vectors)
 *(.progmem.gcc*)
                0x000000e4                . = ALIGN (0x2)
                0x000000e4                __trampolines_start = .
 *(.trampolines)
 .trampolines   0x000000e4        0x0 linker stubs
 *(.trampolines*)
                0x000000e4                __trampolines_end = .
 *(.progmem*)
 .progmem.data._ZL15GPIOPin_t_descr
                0x000000e4      0x2c3 HAL/AVR/GPIO.o
 .progmem.data  0x000003a7        0x8 d:/programy_x86/atmel/studio/7.0/toolchain/avr8/avr8-gnu-toolchain/bin/../lib/gcc/avr/4.9.2/../../../../avr/lib/avr51\libprintf_flt.a(vfprintf_flt.o)
 .progmem.data  0x000003af       0xfa d:/programy_x86/atmel/studio/7.0/toolchain/avr8/avr8-gnu-toolchain/bin/../lib/gcc/avr/4.9.2/../../../../avr/lib/avr51\libc.a(ftoa_engine.o)
                0x000004aa                . = ALIGN (0x2)
 *fill*         0x000004a9        0x1 
 *(.jumptables)
 *(.jumptables*)
 *(.lowtext)
 *(.lowtext*)
                0x000004aa                __ctors_start = .
 *(.ctors)
 .ctors         0x000004aa        0x2 App/src/app.o
 .ctors         0x000004ac        0x2 HAL/AVR/SPI.o
                0x000004ae                __ctors_end = .
                0x000004ae                __dtors_start = .
 *(.dtors)
                0x000004ae                __dtors_end = .
 SORT(*)(.ctors)
 SORT(*)(.dtors)
 *(.init0)
 .init0         0x000004ae        0x0 D:/Programy_x86/Atmel/Studio/7.0/Packs/atmel/ATmega_DFP/1.0.90/gcc/dev/atmega1280/avr51/crtatmega1280.o
                0x000004ae                __init
 *(.init0)
 *(.init1)
 *(.init1)
 *(.init2)
 .init2         0x000004ae        0xc D:/Programy_x86/Atmel/Studio/7.0/Packs/atmel/ATmega_DFP/1.0.90/gcc/dev/atmega1280/avr51/crtatmega1280.o
 *(.init2)
 *(.init3)
 *(.init3)
 *(.init4)
 .init4         0x000004ba       0x1a d:/programy_x86/atmel/studio/7.0/toolchain/avr8/avr8-gnu-toolchain/bin/../lib/gcc/avr/4.9.2/avr51\libgcc.a(_copy_data.o)
                0x000004ba                __do_copy_data
 .init4         0x000004d4       0x10 d:/programy_x86/atmel/studio/7.0/toolchain/avr8/avr8-gnu-toolchain/bin/../lib/gcc/avr/4.9.2/avr51\libgcc.a(_clear_bss.o)
                0x000004d4                __do_clear_bss
 *(.init4)
 *(.init5)
 *(.init5)
 *(.init6)
 .init6         0x000004e4       0x16 d:/programy_x86/atmel/studio/7.0/toolchain/avr8/avr8-gnu-toolchain/bin/../lib/gcc/avr/4.9.2/avr51\libgcc.a(_ctors.o)
                0x000004e4                __do_global_ctors
 *(.init6)
 *(.init7)
 *(.init7)
 *(.init8)
 *(.init8)
 *(.init9)
 .init9         0x000004fa        0x6 D:/Programy_x86/Atmel/Studio/7.0/Packs/atmel/ATmega_DFP/1.0.90/gcc/dev/atmega1280/avr51/crtatmega1280.o
 *(.init9)
 *(.text)
 .text          0x00000500        0x2 D:/Programy_x86/Atmel/Studio/7.0/Packs/atmel/ATmega_DFP/1.0.90/gcc/dev/atmega1280/avr51/crtatmega1280.o
                0x00000500                __vector_38
                0x00000500                __vector_22
                0x00000500                __vector_28
                0x00000500                __vector_1
                0x00000500                __vector_32
                0x00000500                __vector_34
                0x00000500                __vector_24
                0x00000500                __vector_12
                0x00000500                __vector_55
                0x00000500                __vector_46
                0x00000500                __bad_interrupt
                0x00000500                __vector_6
                0x00000500                __vector_31
                0x00000500                __vector_35
                0x00000500                __vector_39
                0x00000500                __vector_3
                0x00000500                __vector_23
                0x00000500                __vector_30
                0x00000500                __vector_45
                0x00000500                __vector_25
                0x00000500                __vector_11
                0x00000500                __vector_54
                0x00000500                __vector_13
                0x00000500                __vector_17
                0x00000500                __vector_19
                0x00000500                __vector_56
                0x00000500                __vector_7
                0x00000500                __vector_49
                0x00000500                __vector_41
                0x00000500                __vector_43
                0x00000500                __vector_27
                0x00000500                __vector_5
                0x00000500                __vector_33
                0x00000500                __vector_47
                0x00000500                __vector_52
                0x00000500                __vector_37
                0x00000500                __vector_4
                0x00000500                __vector_44
                0x00000500                __vector_51
                0x00000500                __vector_9
                0x00000500                __vector_2
                0x00000500                __vector_21
                0x00000500                __vector_15
                0x00000500                __vector_36
                0x00000500                __vector_29
                0x00000500                __vector_40
                0x00000500                __vector_8
                0x00000500                __vector_26
                0x00000500                __vector_48
                0x00000500                __vector_14
                0x00000500                __vector_53
                0x00000500                __vector_10
                0x00000500                __vector_50
                0x00000500                __vector_16
                0x00000500                __vector_18
                0x00000500                __vector_20
                0x00000500                __vector_42
                0x00000502                . = ALIGN (0x2)
 *(.text.*)
 .text._ZN8Buffer_t3getEv
                0x00000502        0x2 App/src/Communication/Buffer.o
                0x00000502                _ZN8Buffer_t3getEv
 .text._ZN8Buffer_t5clearEv
                0x00000504       0x10 App/src/Communication/Buffer.o
                0x00000504                _ZN8Buffer_t5clearEv
 .text._ZN8Buffer_tC2Ev
                0x00000514        0x4 App/src/Communication/Buffer.o
                0x00000514                _ZN8Buffer_tC1Ev
                0x00000514                _ZN8Buffer_tC2Ev
 .text._Z4initv
                0x00000518       0x32 App/src/app.o
                0x00000518                _Z4initv
 .text._ZN8SerialX_ILi0EE6printfEPKcz
                0x0000054a       0x56 App/src/app.o
                0x0000054a                _ZN8SerialX_ILi0EE6printfEPKcz
 .text._Z5beginv
                0x000005a0      0x29a App/src/app.o
                0x000005a0                _Z5beginv
 .text._GLOBAL__sub_I_String
                0x0000083a       0x26 App/src/app.o
 .text._ZN7Frame_tC2Ev
                0x00000860       0x18 App/src/Communication/Frame.o
                0x00000860                _ZN7Frame_tC2Ev
                0x00000860                _ZN7Frame_tC1Ev
 .text._ZN7Frame_t13headerIsValidEPh
                0x00000878       0x48 App/src/Communication/Frame.o
                0x00000878                _ZN7Frame_t13headerIsValidEPh
 .text._ZN7Frame_t9readFrameEPh
                0x000008c0       0x30 App/src/Communication/Frame.o
                0x000008c0                _ZN7Frame_t9readFrameEPh
 .text._ZN7Frame_t15printTerminatorEv
                0x000008f0       0x14 App/src/Communication/Frame.o
                0x000008f0                _ZN7Frame_t15printTerminatorEv
 .text._ZN7Frame_t11printHeaderEv
                0x00000904       0x72 App/src/Communication/Frame.o
                0x00000904                _ZN7Frame_t11printHeaderEv
 .text._ZN7Frame_t25printCommandDataSeparatorEv
                0x00000976       0x14 App/src/Communication/Frame.o
                0x00000976                _ZN7Frame_t25printCommandDataSeparatorEv
 .text._ZN7Frame_t23getCommandDataSeparatorEv
                0x0000098a        0x6 App/src/Communication/Frame.o
                0x0000098a                _ZN7Frame_t23getCommandDataSeparatorEv
 .text._ZN7Frame_t19printParamSeparatorEv
                0x00000990       0x14 App/src/Communication/Frame.o
                0x00000990                _ZN7Frame_t19printParamSeparatorEv
 .text._ZN7Frame_t17getParamSeparatorEv
                0x000009a4        0x6 App/src/Communication/Frame.o
                0x000009a4                _ZN7Frame_t17getParamSeparatorEv
 .text._ZN7Frame_t15receivedCommandEPhhPKc
                0x000009aa       0x74 App/src/Communication/Frame.o
                0x000009aa                _ZN7Frame_t15receivedCommandEPhhPKc
 .text._ZN7Frame_t10printFrameEPKc
                0x00000a1e       0x34 App/src/Communication/Frame.o
                0x00000a1e                _ZN7Frame_t10printFrameEPKc
 .text._ZN8String_tC2Ev
                0x00000a52        0x2 App/src/Communication/String.o
                0x00000a52                _ZN8String_tC2Ev
                0x00000a52                _ZN8String_tC1Ev
 .text._ZN8String_t7compareEPhPKch
                0x00000a54       0x44 App/src/Communication/String.o
                0x00000a54                _ZN8String_t7compareEPhPKch
 .text._ZN8String_t21compareUpToTerminatorEPhPKchh
                0x00000a98       0x58 App/src/Communication/String.o
                0x00000a98                _ZN8String_t21compareUpToTerminatorEPhPKchh
 .text._ZN8String_t6lengthEPKc
                0x00000af0       0x22 App/src/Communication/String.o
                0x00000af0                _ZN8String_t6lengthEPKc
 .text._ZN8String_t20lengthUpToTerminatorEPhhh
                0x00000b12       0x3a App/src/Communication/String.o
                0x00000b12                _ZN8String_t20lengthUpToTerminatorEPhhh
 .text._ZN8String_t20lengthUpToTerminatorEPhh
                0x00000b4c        0x6 App/src/Communication/String.o
                0x00000b4c                _ZN8String_t20lengthUpToTerminatorEPhh
 .text._ZN8String_t8isNumberEh
                0x00000b52        0xc App/src/Communication/String.o
                0x00000b52                _ZN8String_t8isNumberEh
 .text._ZN8String_t8toNumberEh
                0x00000b5e        0xc App/src/Communication/String.o
                0x00000b5e                _ZN8String_t8toNumberEh
 .text._ZN5Dac_t4initEv
                0x00000b6a       0x4c App/src/Dac.o
                0x00000b6a                _ZN5Dac_t4initEv
 .text._ZN5Dac_tC2Ev
                0x00000bb6       0xb2 App/src/Dac.o
                0x00000bb6                _ZN5Dac_tC1Ev
                0x00000bb6                _ZN5Dac_tC2Ev
 .text._ZN4Hk_t4initEv
                0x00000c68       0x14 App/src/Hk.o
                0x00000c68                _ZN4Hk_t4initEv
 .text._ZN4Hk_tC2Ev
                0x00000c7c       0xb0 App/src/Hk.o
                0x00000c7c                _ZN4Hk_tC1Ev
                0x00000c7c                _ZN4Hk_tC2Ev
 .text._ZN4Hk_t7printHKEv
                0x00000d2c      0x126 App/src/Hk.o
                0x00000d2c                _ZN4Hk_t7printHKEv
 .text._ZN10Switches_t4initEv
                0x00000e52       0x1e App/src/Switches.o
                0x00000e52                _ZN10Switches_t4initEv
 .text._ZN10Switches_tC2Ev
                0x00000e70       0x1a App/src/Switches.o
                0x00000e70                _ZN10Switches_tC2Ev
                0x00000e70                _ZN10Switches_tC1Ev
 .text._ZN10Switches_t15enableOneSwitchEh
                0x00000e8a       0x36 App/src/Switches.o
                0x00000e8a                _ZN10Switches_t15enableOneSwitchEh
 .text._ZN10Switches_t16disableOneSwitchEh
                0x00000ec0       0x3a App/src/Switches.o
                0x00000ec0                _ZN10Switches_t16disableOneSwitchEh
 .text._ZN10Switches_t5powerEhh
                0x00000efa       0x32 App/src/Switches.o
                0x00000efa                _ZN10Switches_t5powerEhh
 .text._ZN10Switches_t13loadParameterEPh
                0x00000f2c      0x11a App/src/Switches.o
                0x00000f2c                _ZN10Switches_t13loadParameterEPh
 .text._ZN12ADC128S102_tC2Ev
                0x00001046        0x4 Devices/ADC128S102.o
                0x00001046                _ZN12ADC128S102_tC1Ev
                0x00001046                _ZN12ADC128S102_tC2Ev
 .text._ZN12ADC128S102_t4initEv
                0x0000104a        0x2 Devices/ADC128S102.o
                0x0000104a                _ZN12ADC128S102_t4initEv
 .text._ZN12ADC128S102_t8getValueEh
                0x0000104c       0x70 Devices/ADC128S102.o
                0x0000104c                _ZN12ADC128S102_t8getValueEh
 .text._ZN12DAC121S101_t8setValueEj
                0x000010bc       0xa8 Devices/DAC121S101.o
                0x000010bc                _ZN12DAC121S101_t8setValueEj
 .text._ZN12DAC121S101_t4initEv
                0x00001164        0xe Devices/DAC121S101.o
                0x00001164                _ZN12DAC121S101_t4initEv
 .text._ZN12DAC121S101_tC2Ev
                0x00001172        0x4 Devices/DAC121S101.o
                0x00001172                _ZN12DAC121S101_tC1Ev
                0x00001172                _ZN12DAC121S101_tC2Ev
 .text._ZN17MAX306EWIdouble_t4initEv
                0x00001176       0x12 Devices/MAX306EWIdouble.o
                0x00001176                _ZN17MAX306EWIdouble_t4initEv
 .text._ZN17MAX306EWIdouble_tC2Ev
                0x00001188       0x2a Devices/MAX306EWIdouble.o
                0x00001188                _ZN17MAX306EWIdouble_tC1Ev
                0x00001188                _ZN17MAX306EWIdouble_tC2Ev
 .text._ZN17MAX306EWIdouble_t6selectEh
                0x000011b2       0x44 Devices/MAX306EWIdouble.o
                0x000011b2                _ZN17MAX306EWIdouble_t6selectEh
 .text.main     0x000011f6        0x8 SWI-PSU-BIAS-DM1.o
                0x000011f6                main
 .text._ZN9GPIOPin_tC2Ev
                0x000011fe        0x2 HAL/AVR/GPIO.o
                0x000011fe                _ZN9GPIOPin_tC1Ev
                0x000011fe                _ZN9GPIOPin_tC2Ev
 .text._ZN9GPIOPin_t4initENS_13InitTypeDef_tE
                0x00001200       0xea HAL/AVR/GPIO.o
                0x00001200                _ZN9GPIOPin_t4initENS_13InitTypeDef_tE
 .text._ZN5SPI_tC2Ev
                0x000012ea       0x20 HAL/AVR/SPI.o
                0x000012ea                _ZN5SPI_tC1Ev
                0x000012ea                _ZN5SPI_tC2Ev
 .text._ZN5SPI_t4initERKNS_13InitTypeDef_tE
                0x0000130a       0x62 HAL/AVR/SPI.o
                0x0000130a                _ZN5SPI_t4initERKNS_13InitTypeDef_tE
 .text._ZN5SPI_t5shiftEh
                0x0000136c        0xc HAL/AVR/SPI.o
                0x0000136c                _ZN5SPI_t5shiftEh
 .text._ZN12SPI_Device_tC2Ev
                0x00001378        0x4 HAL/AVR/SPI.o
                0x00001378                _ZN12SPI_Device_tC1Ev
                0x00001378                _ZN12SPI_Device_tC2Ev
 .text._ZN12SPI_Device_t5shiftEh
                0x0000137c        0x8 HAL/AVR/SPI.o
                0x0000137c                _ZN12SPI_Device_t5shiftEh
 .text._GLOBAL__sub_I__ZN5SPI_tC2Ev
                0x00001384        0x8 HAL/AVR/SPI.o
 .text.avr-libc
                0x0000138c      0x710 d:/programy_x86/atmel/studio/7.0/toolchain/avr8/avr8-gnu-toolchain/bin/../lib/gcc/avr/4.9.2/../../../../avr/lib/avr51\libprintf_flt.a(vfprintf_flt.o)
                0x0000138c                vfprintf
 .text.libgcc   0x00001a9c       0x12 d:/programy_x86/atmel/studio/7.0/toolchain/avr8/avr8-gnu-toolchain/bin/../lib/gcc/avr/4.9.2/avr51\libgcc.a(_tablejump2.o)
                0x00001a9c                __tablejump2__
 .text.avr-libc
                0x00001aae      0x1b0 d:/programy_x86/atmel/studio/7.0/toolchain/avr8/avr8-gnu-toolchain/bin/../lib/gcc/avr/4.9.2/../../../../avr/lib/avr51\libc.a(ftoa_engine.o)
                0x00001aae                __ftoa_engine
 .text.avr-libc
                0x00001c5e       0x16 d:/programy_x86/atmel/studio/7.0/toolchain/avr8/avr8-gnu-toolchain/bin/../lib/gcc/avr/4.9.2/../../../../avr/lib/avr51\libc.a(strnlen_P.o)
                0x00001c5e                strnlen_P
 .text.avr-libc
                0x00001c74       0x16 d:/programy_x86/atmel/studio/7.0/toolchain/avr8/avr8-gnu-toolchain/bin/../lib/gcc/avr/4.9.2/../../../../avr/lib/avr51\libc.a(strnlen.o)
                0x00001c74                strnlen
 .text.avr-libc
                0x00001c8a       0x70 d:/programy_x86/atmel/studio/7.0/toolchain/avr8/avr8-gnu-toolchain/bin/../lib/gcc/avr/4.9.2/../../../../avr/lib/avr51\libc.a(fputc.o)
                0x00001c8a                fputc
 .text.avr-libc
                0x00001cfa       0x70 d:/programy_x86/atmel/studio/7.0/toolchain/avr8/avr8-gnu-toolchain/bin/../lib/gcc/avr/4.9.2/../../../../avr/lib/avr51\libc.a(vsnprintf.o)
                0x00001cfa                vsnprintf
 .text.avr-libc
                0x00001d6a       0xbc d:/programy_x86/atmel/studio/7.0/toolchain/avr8/avr8-gnu-toolchain/bin/../lib/gcc/avr/4.9.2/../../../../avr/lib/avr51\libc.a(ultoa_invert.o)
                0x00001d6a                __ultoa_invert
                0x00001e26                . = ALIGN (0x2)
 *(.fini9)
 .fini9         0x00001e26        0x0 d:/programy_x86/atmel/studio/7.0/toolchain/avr8/avr8-gnu-toolchain/bin/../lib/gcc/avr/4.9.2/avr51\libgcc.a(_exit.o)
                0x00001e26                _exit
                0x00001e26                exit
 *(.fini9)
 *(.fini8)
 *(.fini8)
 *(.fini7)
 *(.fini7)
 *(.fini6)
 *(.fini6)
 *(.fini5)
 *(.fini5)
 *(.fini4)
 *(.fini4)
 *(.fini3)
 *(.fini3)
 *(.fini2)
 *(.fini2)
 *(.fini1)
 *(.fini1)
 *(.fini0)
 .fini0         0x00001e26        0x4 d:/programy_x86/atmel/studio/7.0/toolchain/avr8/avr8-gnu-toolchain/bin/../lib/gcc/avr/4.9.2/avr51\libgcc.a(_exit.o)
 *(.fini0)
                0x00001e2a                _etext = .

.data           0x00800200      0x178 load address 0x00001e2a
                0x00800200                PROVIDE (__data_start, .)
 *(.data)
 *(.data*)
 .data.Commands
                0x00800200       0x20 App/src/app.o
                0x00800200                Commands
 *(.rodata)
 *(.rodata*)
 .rodata.str1.1
                0x00800220      0x146 App/src/app.o
                                0x14d (size before relaxing)
 .rodata.str1.1
                0x00800366        0x5 App/src/Communication/Frame.o
 .rodata.str1.1
                0x0080036b      0x14a App/src/Dac.o
 .rodata.str1.1
                0x0080036b        0xd App/src/Hk.o
                                0x157 (size before relaxing)
 *(.gnu.linkonce.d*)
                0x008004b6                . = ALIGN (0x2)
                0x008004b6                _edata = .
                0x008004b6                PROVIDE (__data_end, .)

.bss            0x00800378      0x2c0
                0x00800378                PROVIDE (__bss_start, .)
 *(.bss)
 *(.bss*)
 .bss.Switches  0x00800378        0xc App/src/app.o
                0x00800378                Switches
 .bss.DAC       0x00800384       0xaa App/src/app.o
                0x00800384                DAC
 .bss.HK        0x0080042e       0x4f App/src/app.o
                0x0080042e                HK
 .bss.received_bytes
                0x0080047d        0x1 App/src/app.o
                0x0080047d                received_bytes
 .bss.Frame     0x0080047e        0x5 App/src/app.o
                0x0080047e                Frame
 .bss.Buffer    0x00800483       0xff App/src/app.o
                0x00800483                Buffer
 .bss.String    0x00800582        0x1 App/src/app.o
                0x00800582                String
 .bss._ZL7Serial0
                0x00800583       0x32 App/src/app.o
 .bss._ZL7Serial0
                0x008005b5       0x32 App/src/Communication/Frame.o
 .bss._ZL7Serial0
                0x008005e7       0x32 App/src/Hk.o
 .bss._ZZN12DAC121S101_t8setValueEjE6l_byte
                0x00800619        0x1 Devices/DAC121S101.o
 .bss._ZZN12DAC121S101_t8setValueEjE6h_byte
                0x0080061a        0x1 Devices/DAC121S101.o
 .bss._ZZN12DAC121S101_t8setValueEjE4mask
                0x0080061b        0x1 Devices/DAC121S101.o
 .bss.SPI       0x0080061c       0x1c HAL/AVR/SPI.o
                0x0080061c                SPI
 *(COMMON)
                0x00800638                PROVIDE (__bss_end, .)
                0x00001e2a                __data_load_start = LOADADDR (.data)
                0x00001fa2                __data_load_end = (__data_load_start + SIZEOF (.data))

.noinit         0x00800638        0x0
                0x00800638                PROVIDE (__noinit_start, .)
 *(.noinit*)
                0x00800638                PROVIDE (__noinit_end, .)
                0x00800638                _end = .
                0x00800638                PROVIDE (__heap_start, .)

.eeprom         0x00810000        0x0
 *(.eeprom*)
                0x00810000                __eeprom_end = .

.fuse
 *(.fuse)
 *(.lfuse)
 *(.hfuse)
 *(.efuse)

.lock
 *(.lock*)

.signature
 *(.signature*)

.user_signatures
 *(.user_signatures*)

.stab
 *(.stab)

.stabstr
 *(.stabstr)

.stab.excl
 *(.stab.excl)

.stab.exclstr
 *(.stab.exclstr)

.stab.index
 *(.stab.index)

.stab.indexstr
 *(.stab.indexstr)

.comment        0x00000000       0x5c
 *(.comment)
 .comment       0x00000000       0x30 App/src/Communication/Buffer.o
                                 0x31 (size before relaxing)
 .comment       0x00000030       0x31 App/src/app.o
 .comment       0x00000030       0x31 App/src/Communication/Frame.o
 .comment       0x00000030       0x31 App/src/Communication/String.o
 .comment       0x00000030       0x31 App/src/Dac.o
 .comment       0x00000030       0x31 App/src/Hk.o
 .comment       0x00000030       0x31 App/src/Switches.o
 .comment       0x00000030       0x31 Devices/ADC128S102.o
 .comment       0x00000030       0x31 Devices/DAC121S101.o
 .comment       0x00000030       0x31 Devices/MAX306EWIdouble.o
 .comment       0x00000030       0x31 SWI-PSU-BIAS-DM1.o
 .comment       0x00000030       0x31 HAL/AVR/GPIO.o
 .comment       0x00000030       0x31 HAL/AVR/SPI.o
 .comment       0x00000030       0x2c d:/programy_x86/atmel/studio/7.0/toolchain/avr8/avr8-gnu-toolchain/bin/../lib/gcc/avr/4.9.2/../../../../avr/lib/avr51\libprintf_flt.a(vfprintf_flt.o)
                                 0x2d (size before relaxing)
 .comment       0x0000005c       0x31 d:/programy_x86/atmel/studio/7.0/toolchain/avr8/avr8-gnu-toolchain/bin/../lib/gcc/avr/4.9.2/../../../../avr/lib/avr51\libc.a(fputc.o)
 .comment       0x0000005c       0x31 d:/programy_x86/atmel/studio/7.0/toolchain/avr8/avr8-gnu-toolchain/bin/../lib/gcc/avr/4.9.2/../../../../avr/lib/avr51\libc.a(vsnprintf.o)

.note.gnu.avr.deviceinfo
                0x00000000       0x40
 .note.gnu.avr.deviceinfo
                0x00000000       0x40 D:/Programy_x86/Atmel/Studio/7.0/Packs/atmel/ATmega_DFP/1.0.90/gcc/dev/atmega1280/avr51/crtatmega1280.o

.note.gnu.build-id
 *(.note.gnu.build-id)

.debug
 *(.debug)

.line
 *(.line)

.debug_srcinfo
 *(.debug_srcinfo)

.debug_sfnames
 *(.debug_sfnames)

.debug_aranges  0x00000000      0x3c0
 *(.debug_aranges)
 .debug_aranges
                0x00000000       0x40 App/src/Communication/Buffer.o
 .debug_aranges
                0x00000040       0x38 App/src/app.o
 .debug_aranges
                0x00000078       0x78 App/src/Communication/Frame.o
 .debug_aranges
                0x000000f0       0x58 App/src/Communication/String.o
 .debug_aranges
                0x00000148       0x58 App/src/Dac.o
 .debug_aranges
                0x000001a0       0x38 App/src/Hk.o
 .debug_aranges
                0x000001d8       0x58 App/src/Switches.o
 .debug_aranges
                0x00000230       0x38 Devices/ADC128S102.o
 .debug_aranges
                0x00000268       0x38 Devices/DAC121S101.o
 .debug_aranges
                0x000002a0       0x30 Devices/MAX306EWIdouble.o
 .debug_aranges
                0x000002d0       0x20 SWI-PSU-BIAS-DM1.o
 .debug_aranges
                0x000002f0       0x58 HAL/AVR/GPIO.o
 .debug_aranges
                0x00000348       0x78 HAL/AVR/SPI.o

.debug_pubnames
 *(.debug_pubnames)

.debug_info     0x00000000     0xa9f7
 *(.debug_info .gnu.linkonce.wi.*)
 .debug_info    0x00000000      0x28f App/src/Communication/Buffer.o
 .debug_info    0x0000028f     0x1b4a App/src/app.o
 .debug_info    0x00001dd9     0x144d App/src/Communication/Frame.o
 .debug_info    0x00003226      0x4fc App/src/Communication/String.o
 .debug_info    0x00003722     0x184c App/src/Dac.o
 .debug_info    0x00004f6e     0x15d2 App/src/Hk.o
 .debug_info    0x00006540     0x11fc App/src/Switches.o
 .debug_info    0x0000773c      0x784 Devices/ADC128S102.o
 .debug_info    0x00007ec0      0x61c Devices/DAC121S101.o
 .debug_info    0x000084dc      0x755 Devices/MAX306EWIdouble.o
 .debug_info    0x00008c31      0xa60 SWI-PSU-BIAS-DM1.o
 .debug_info    0x00009691      0x553 HAL/AVR/GPIO.o
 .debug_info    0x00009be4      0xe13 HAL/AVR/SPI.o

.debug_abbrev   0x00000000     0x2199
 *(.debug_abbrev)
 .debug_abbrev  0x00000000      0x18e App/src/Communication/Buffer.o
 .debug_abbrev  0x0000018e      0x3d1 App/src/app.o
 .debug_abbrev  0x0000055f      0x33b App/src/Communication/Frame.o
 .debug_abbrev  0x0000089a      0x1b9 App/src/Communication/String.o
 .debug_abbrev  0x00000a53      0x2f7 App/src/Dac.o
 .debug_abbrev  0x00000d4a      0x38d App/src/Hk.o
 .debug_abbrev  0x000010d7      0x25c App/src/Switches.o
 .debug_abbrev  0x00001333      0x2c1 Devices/ADC128S102.o
 .debug_abbrev  0x000015f4      0x287 Devices/DAC121S101.o
 .debug_abbrev  0x0000187b      0x23d Devices/MAX306EWIdouble.o
 .debug_abbrev  0x00001ab8      0x14e SWI-PSU-BIAS-DM1.o
 .debug_abbrev  0x00001c06      0x281 HAL/AVR/GPIO.o
 .debug_abbrev  0x00001e87      0x312 HAL/AVR/SPI.o

.debug_line     0x00000000     0x207b
 *(.debug_line .debug_line.* .debug_line_end)
 .debug_line    0x00000000      0x130 App/src/Communication/Buffer.o
 .debug_line    0x00000130      0x467 App/src/app.o
 .debug_line    0x00000597      0x3a2 App/src/Communication/Frame.o
 .debug_line    0x00000939      0x232 App/src/Communication/String.o
 .debug_line    0x00000b6b      0x3ea App/src/Dac.o
 .debug_line    0x00000f55      0x389 App/src/Hk.o
 .debug_line    0x000012de      0x373 App/src/Switches.o
 .debug_line    0x00001651      0x18a Devices/ADC128S102.o
 .debug_line    0x000017db      0x178 Devices/DAC121S101.o
 .debug_line    0x00001953      0x1c6 Devices/MAX306EWIdouble.o
 .debug_line    0x00001b19      0x112 SWI-PSU-BIAS-DM1.o
 .debug_line    0x00001c2b      0x1f5 HAL/AVR/GPIO.o
 .debug_line    0x00001e20      0x25b HAL/AVR/SPI.o

.debug_frame    0x00000000      0xa98
 *(.debug_frame)
 .debug_frame   0x00000000       0x64 App/src/Communication/Buffer.o
 .debug_frame   0x00000064       0xe4 App/src/app.o
 .debug_frame   0x00000148      0x1b4 App/src/Communication/Frame.o
 .debug_frame   0x000002fc       0x9c App/src/Communication/String.o
 .debug_frame   0x00000398      0x17c App/src/Dac.o
 .debug_frame   0x00000514      0x110 App/src/Hk.o
 .debug_frame   0x00000624       0xfc App/src/Switches.o
 .debug_frame   0x00000720       0x9c Devices/ADC128S102.o
 .debug_frame   0x000007bc       0x78 Devices/DAC121S101.o
 .debug_frame   0x00000834       0x50 Devices/MAX306EWIdouble.o
 .debug_frame   0x00000884       0x24 SWI-PSU-BIAS-DM1.o
 .debug_frame   0x000008a8       0xa0 HAL/AVR/GPIO.o
 .debug_frame   0x00000948      0x150 HAL/AVR/SPI.o

.debug_str      0x00000000     0x1938
 *(.debug_str)
 .debug_str     0x00000000      0x20d App/src/Communication/Buffer.o
                                0x253 (size before relaxing)
 .debug_str     0x0000020d     0x12b4 App/src/app.o
                               0x1507 (size before relaxing)
 .debug_str     0x000014c1       0x7f App/src/Communication/Frame.o
                                0xc57 (size before relaxing)
 .debug_str     0x00001540       0x5d App/src/Communication/String.o
                                0x33a (size before relaxing)
 .debug_str     0x0000159d       0x50 App/src/Dac.o
                               0x10c0 (size before relaxing)
 .debug_str     0x000015ed       0x1f App/src/Hk.o
                                0xf8c (size before relaxing)
 .debug_str     0x0000160c       0x36 App/src/Switches.o
                                0xd63 (size before relaxing)
 .debug_str     0x00001642      0x18f Devices/ADC128S102.o
                                0x60e (size before relaxing)
 .debug_str     0x000017d1       0x30 Devices/DAC121S101.o
                                0x555 (size before relaxing)
 .debug_str     0x00001801       0x3a Devices/MAX306EWIdouble.o
                                0x3b5 (size before relaxing)
 .debug_str     0x0000183b       0x1f SWI-PSU-BIAS-DM1.o
                                0x82c (size before relaxing)
 .debug_str     0x0000185a       0x68 HAL/AVR/GPIO.o
                                0x38e (size before relaxing)
 .debug_str     0x000018c2       0x76 HAL/AVR/SPI.o
                                0x60d (size before relaxing)

.debug_loc      0x00000000     0x2d0a
 *(.debug_loc)
 .debug_loc     0x00000000       0xbd App/src/Communication/Buffer.o
 .debug_loc     0x000000bd      0x2aa App/src/app.o
 .debug_loc     0x00000367      0x6f6 App/src/Communication/Frame.o
 .debug_loc     0x00000a5d      0x437 App/src/Communication/String.o
 .debug_loc     0x00000e94      0x7b5 App/src/Dac.o
 .debug_loc     0x00001649      0x3f3 App/src/Hk.o
 .debug_loc     0x00001a3c      0x4c6 App/src/Switches.o
 .debug_loc     0x00001f02      0x2ca Devices/ADC128S102.o
 .debug_loc     0x000021cc      0x124 Devices/DAC121S101.o
 .debug_loc     0x000022f0       0xfa Devices/MAX306EWIdouble.o
 .debug_loc     0x000023ea      0x2a1 HAL/AVR/GPIO.o
 .debug_loc     0x0000268b      0x67f HAL/AVR/SPI.o

.debug_macinfo
 *(.debug_macinfo)

.debug_weaknames
 *(.debug_weaknames)

.debug_funcnames
 *(.debug_funcnames)

.debug_typenames
 *(.debug_typenames)

.debug_varnames
 *(.debug_varnames)

.debug_pubtypes
 *(.debug_pubtypes)

.debug_ranges   0x00000000      0x390
 *(.debug_ranges)
 .debug_ranges  0x00000000       0x30 App/src/Communication/Buffer.o
 .debug_ranges  0x00000030       0x28 App/src/app.o
 .debug_ranges  0x00000058       0x98 App/src/Communication/Frame.o
 .debug_ranges  0x000000f0       0x88 App/src/Communication/String.o
 .debug_ranges  0x00000178       0x48 App/src/Dac.o
 .debug_ranges  0x000001c0       0x40 App/src/Hk.o
 .debug_ranges  0x00000200       0x60 App/src/Switches.o
 .debug_ranges  0x00000260       0x28 Devices/ADC128S102.o
 .debug_ranges  0x00000288       0x28 Devices/DAC121S101.o
 .debug_ranges  0x000002b0       0x20 Devices/MAX306EWIdouble.o
 .debug_ranges  0x000002d0       0x10 SWI-PSU-BIAS-DM1.o
 .debug_ranges  0x000002e0       0x48 HAL/AVR/GPIO.o
 .debug_ranges  0x00000328       0x68 HAL/AVR/SPI.o

.debug_macro
 *(.debug_macro)
OUTPUT(SWI-PSU-HK-DM.elf elf32-avr)
LOAD linker stubs
